// Jest Snapshot v1, https://goo.gl/fbAQLP

exports[`User should return user form 1`] = `
[
  <div
    className="row"
  >
    <div
      className="col"
    >
      <h3>
        Пользователь
      </h3>
    </div>
  </div>,
  <div
    className="row"
  >
    <div
      className="col"
    >
      <input
        name="user"
        onBlur={[Function]}
        onChange={[Function]}
        type="text"
        value="user"
      />
    </div>
  </div>,
  <div
    className="row mt-3"
  >
    <div
      className="col"
    >
      <h3>
        Мои задачи
      </h3>
      <table
        className="basic w-100"
      >
        <thead>
          <tr
            className="fw-bold"
          >
            <td>
              Задача
            </td>
            <td>
              Состояние
            </td>
            <td>
              %
            </td>
            <td>
              Приоритет
            </td>
            <td>
              Статус
            </td>
          </tr>
        </thead>
        <tbody />
      </table>
    </div>
  </div>,
  <div
    className="row mt-3"
  >
    <div
      className="col"
    >
      <h3>
        Моя активность
      </h3>
      <table
        className="basic w-100"
      >
        <thead>
          <tr
            className="fw-bold"
          >
            <th>
              Задача
            </th>
            <th>
              Статус
            </th>
            <th>
              ПН
            </th>
            <th>
              ВТ
            </th>
            <th>
              СР
            </th>
            <th>
              ЧТ
            </th>
            <th>
              ПТ
            </th>
          </tr>
        </thead>
        <tbody>
          <tr
            className="fw-bold"
          >
            <td
              className="text-end"
              colSpan="2"
            >
              Итого
            </td>
            <td
              className="text-center"
            >
              0
            </td>
            <td
              className="text-center"
            >
              0
            </td>
            <td
              className="text-center"
            >
              0
            </td>
            <td
              className="text-center"
            >
              0
            </td>
            <td
              className="text-center"
            >
              0
            </td>
          </tr>
        </tbody>
      </table>
    </div>
  </div>,
]
`;
